Archive member included because of file (symbol)

c:/freescale/kds_v3/toolchain/bin/../lib/gcc/arm-none-eabi/4.8.4/../../../../arm-none-eabi/lib/armv7e-m/fpu\libg_s.a(lib_a-exit.o)
                              c:/freescale/kds_v3/toolchain/bin/../lib/gcc/arm-none-eabi/4.8.4/../../../../arm-none-eabi/lib/armv7e-m/fpu/crt0.o (exit)
c:/freescale/kds_v3/toolchain/bin/../lib/gcc/arm-none-eabi/4.8.4/../../../../arm-none-eabi/lib/armv7e-m/fpu\libg_s.a(lib_a-impure.o)
                              c:/freescale/kds_v3/toolchain/bin/../lib/gcc/arm-none-eabi/4.8.4/../../../../arm-none-eabi/lib/armv7e-m/fpu\libg_s.a(lib_a-exit.o) (_global_impure_ptr)
c:/freescale/kds_v3/toolchain/bin/../lib/gcc/arm-none-eabi/4.8.4/../../../../arm-none-eabi/lib/armv7e-m/fpu\libg_s.a(lib_a-init.o)
                              c:/freescale/kds_v3/toolchain/bin/../lib/gcc/arm-none-eabi/4.8.4/../../../../arm-none-eabi/lib/armv7e-m/fpu/crt0.o (__libc_init_array)
c:/freescale/kds_v3/toolchain/bin/../lib/gcc/arm-none-eabi/4.8.4/../../../../arm-none-eabi/lib/armv7e-m/fpu\libg_s.a(lib_a-memset.o)
                              c:/freescale/kds_v3/toolchain/bin/../lib/gcc/arm-none-eabi/4.8.4/../../../../arm-none-eabi/lib/armv7e-m/fpu/crt0.o (memset)
c:/freescale/kds_v3/toolchain/bin/../lib/gcc/arm-none-eabi/4.8.4/../../../../arm-none-eabi/lib/armv7e-m/fpu\libnosys.a(_exit.o)
                              c:/freescale/kds_v3/toolchain/bin/../lib/gcc/arm-none-eabi/4.8.4/../../../../arm-none-eabi/lib/armv7e-m/fpu\libg_s.a(lib_a-exit.o) (_exit)

Allocating common symbols
Common symbol       size              file

SR_reg              0x1               ./Generated_Code/Cpu.o

Discarded input sections

 .text          0x00000000        0x0 c:/freescale/kds_v3/toolchain/bin/../lib/gcc/arm-none-eabi/4.8.4/armv7e-m/fpu/crti.o
 .data          0x00000000        0x0 c:/freescale/kds_v3/toolchain/bin/../lib/gcc/arm-none-eabi/4.8.4/armv7e-m/fpu/crti.o
 .bss           0x00000000        0x0 c:/freescale/kds_v3/toolchain/bin/../lib/gcc/arm-none-eabi/4.8.4/armv7e-m/fpu/crti.o
 .data          0x00000000        0x4 c:/freescale/kds_v3/toolchain/bin/../lib/gcc/arm-none-eabi/4.8.4/armv7e-m/fpu/crtbegin.o
 .data          0x00000000        0x0 c:/freescale/kds_v3/toolchain/bin/../lib/gcc/arm-none-eabi/4.8.4/../../../../arm-none-eabi/lib/armv7e-m/fpu/crt0.o
 .bss           0x00000000        0x0 c:/freescale/kds_v3/toolchain/bin/../lib/gcc/arm-none-eabi/4.8.4/../../../../arm-none-eabi/lib/armv7e-m/fpu/crt0.o
 .ARM.extab     0x00000000        0x0 c:/freescale/kds_v3/toolchain/bin/../lib/gcc/arm-none-eabi/4.8.4/../../../../arm-none-eabi/lib/armv7e-m/fpu/crt0.o
 .group         0x00000000        0x8 ./Sources/Events.o
 .group         0x00000000        0x8 ./Sources/Events.o
 .group         0x00000000        0x8 ./Sources/Events.o
 .group         0x00000000        0x8 ./Sources/Events.o
 .group         0x00000000        0x8 ./Sources/Events.o
 .group         0x00000000        0x8 ./Sources/Events.o
 .group         0x00000000        0x8 ./Sources/Events.o
 .group         0x00000000        0x8 ./Sources/Events.o
 .group         0x00000000        0x8 ./Sources/Events.o
 .group         0x00000000        0x8 ./Sources/Events.o
 .group         0x00000000        0x8 ./Sources/Events.o
 .group         0x00000000        0x8 ./Sources/Events.o
 .group         0x00000000        0x8 ./Sources/Events.o
 .group         0x00000000        0x8 ./Sources/Events.o
 .group         0x00000000        0x8 ./Sources/Events.o
 .group         0x00000000        0x8 ./Sources/Events.o
 .group         0x00000000        0x8 ./Sources/Events.o
 .group         0x00000000        0x8 ./Sources/Events.o
 .text          0x00000000        0x0 ./Sources/Events.o
 .data          0x00000000        0x0 ./Sources/Events.o
 .bss           0x00000000        0x0 ./Sources/Events.o
 .group         0x00000000        0x8 ./Sources/main.o
 .group         0x00000000        0x8 ./Sources/main.o
 .group         0x00000000        0x8 ./Sources/main.o
 .group         0x00000000        0x8 ./Sources/main.o
 .group         0x00000000        0x8 ./Sources/main.o
 .group         0x00000000        0x8 ./Sources/main.o
 .group         0x00000000        0x8 ./Sources/main.o
 .group         0x00000000        0x8 ./Sources/main.o
 .group         0x00000000        0x8 ./Sources/main.o
 .group         0x00000000        0x8 ./Sources/main.o
 .group         0x00000000        0x8 ./Sources/main.o
 .group         0x00000000        0x8 ./Sources/main.o
 .group         0x00000000        0x8 ./Sources/main.o
 .group         0x00000000        0x8 ./Sources/main.o
 .group         0x00000000        0x8 ./Sources/main.o
 .group         0x00000000        0x8 ./Sources/main.o
 .group         0x00000000        0x8 ./Sources/main.o
 .group         0x00000000        0x8 ./Sources/main.o
 .text          0x00000000        0x0 ./Sources/main.o
 .data          0x00000000        0x0 ./Sources/main.o
 .bss           0x00000000        0x0 ./Sources/main.o
 .debug_macro   0x00000000      0x850 ./Sources/main.o
 .debug_macro   0x00000000       0x16 ./Sources/main.o
 .debug_macro   0x00000000       0x44 ./Sources/main.o
 .debug_macro   0x00000000      0x209 ./Sources/main.o
 .debug_macro   0x00000000     0x1760 ./Sources/main.o
 .debug_macro   0x00000000      0x14e ./Sources/main.o
 .debug_macro   0x00000000       0x6a ./Sources/main.o
 .debug_macro   0x00000000     0xde57 ./Sources/main.o
 .debug_macro   0x00000000       0x94 ./Sources/main.o
 .debug_macro   0x00000000       0x94 ./Sources/main.o
 .debug_macro   0x00000000      0x12c ./Sources/main.o
 .debug_macro   0x00000000       0x40 ./Sources/main.o
 .debug_macro   0x00000000       0x1f ./Sources/main.o
 .debug_macro   0x00000000       0x46 ./Sources/main.o
 .debug_macro   0x00000000       0x1f ./Sources/main.o
 .debug_macro   0x00000000       0x22 ./Sources/main.o
 .debug_macro   0x00000000       0x22 ./Sources/main.o
 .debug_macro   0x00000000       0x37 ./Sources/main.o
 .group         0x00000000        0x8 ./Project_Settings/Startup_Code/startup.o
 .group         0x00000000        0x8 ./Project_Settings/Startup_Code/startup.o
 .group         0x00000000        0x8 ./Project_Settings/Startup_Code/startup.o
 .group         0x00000000        0x8 ./Project_Settings/Startup_Code/startup.o
 .group         0x00000000        0x8 ./Project_Settings/Startup_Code/startup.o
 .group         0x00000000        0x8 ./Project_Settings/Startup_Code/startup.o
 .group         0x00000000        0x8 ./Project_Settings/Startup_Code/startup.o
 .group         0x00000000        0x8 ./Project_Settings/Startup_Code/startup.o
 .group         0x00000000        0x8 ./Project_Settings/Startup_Code/startup.o
 .group         0x00000000        0x8 ./Project_Settings/Startup_Code/startup.o
 .group         0x00000000        0x8 ./Project_Settings/Startup_Code/startup.o
 .group         0x00000000        0x8 ./Project_Settings/Startup_Code/startup.o
 .group         0x00000000        0x8 ./Project_Settings/Startup_Code/startup.o
 .group         0x00000000        0x8 ./Project_Settings/Startup_Code/startup.o
 .group         0x00000000        0x8 ./Project_Settings/Startup_Code/startup.o
 .group         0x00000000        0x8 ./Project_Settings/Startup_Code/startup.o
 .group         0x00000000        0x8 ./Project_Settings/Startup_Code/startup.o
 .group         0x00000000        0x8 ./Project_Settings/Startup_Code/startup.o
 .group         0x00000000        0x8 ./Project_Settings/Startup_Code/startup.o
 .text          0x00000000        0x0 ./Project_Settings/Startup_Code/startup.o
 .data          0x00000000        0x0 ./Project_Settings/Startup_Code/startup.o
 .bss           0x00000000        0x0 ./Project_Settings/Startup_Code/startup.o
 .text.__init_hardware
                0x00000000        0xc ./Project_Settings/Startup_Code/startup.o
 .text.__iar_program_start
                0x00000000        0xc ./Project_Settings/Startup_Code/startup.o
 .debug_macro   0x00000000      0x850 ./Project_Settings/Startup_Code/startup.o
 .debug_macro   0x00000000       0x16 ./Project_Settings/Startup_Code/startup.o
 .group         0x00000000        0x8 ./Generated_Code/BitIoLdd1.o
 .group         0x00000000        0x8 ./Generated_Code/BitIoLdd1.o
 .group         0x00000000        0x8 ./Generated_Code/BitIoLdd1.o
 .group         0x00000000        0x8 ./Generated_Code/BitIoLdd1.o
 .group         0x00000000        0x8 ./Generated_Code/BitIoLdd1.o
 .group         0x00000000        0x8 ./Generated_Code/BitIoLdd1.o
 .group         0x00000000        0x8 ./Generated_Code/BitIoLdd1.o
 .group         0x00000000        0x8 ./Generated_Code/BitIoLdd1.o
 .group         0x00000000        0x8 ./Generated_Code/BitIoLdd1.o
 .group         0x00000000        0x8 ./Generated_Code/BitIoLdd1.o
 .group         0x00000000        0x8 ./Generated_Code/BitIoLdd1.o
 .group         0x00000000        0x8 ./Generated_Code/BitIoLdd1.o
 .text          0x00000000        0x0 ./Generated_Code/BitIoLdd1.o
 .data          0x00000000        0x0 ./Generated_Code/BitIoLdd1.o
 .bss           0x00000000        0x0 ./Generated_Code/BitIoLdd1.o
 .text.BitIoLdd1_GetVal
                0x00000000       0x30 ./Generated_Code/BitIoLdd1.o
 .text.BitIoLdd1_PutVal
                0x00000000       0x30 ./Generated_Code/BitIoLdd1.o
 .debug_macro   0x00000000      0x850 ./Generated_Code/BitIoLdd1.o
 .debug_macro   0x00000000       0x16 ./Generated_Code/BitIoLdd1.o
 .debug_macro   0x00000000       0x44 ./Generated_Code/BitIoLdd1.o
 .debug_macro   0x00000000      0x209 ./Generated_Code/BitIoLdd1.o
 .debug_macro   0x00000000     0x1760 ./Generated_Code/BitIoLdd1.o
 .debug_macro   0x00000000      0x14e ./Generated_Code/BitIoLdd1.o
 .debug_macro   0x00000000       0x6a ./Generated_Code/BitIoLdd1.o
 .debug_macro   0x00000000     0xde57 ./Generated_Code/BitIoLdd1.o
 .debug_macro   0x00000000       0x94 ./Generated_Code/BitIoLdd1.o
 .debug_macro   0x00000000      0x12c ./Generated_Code/BitIoLdd1.o
 .debug_macro   0x00000000       0x40 ./Generated_Code/BitIoLdd1.o
 .group         0x00000000        0x8 ./Generated_Code/BitIoLdd2.o
 .group         0x00000000        0x8 ./Generated_Code/BitIoLdd2.o
 .group         0x00000000        0x8 ./Generated_Code/BitIoLdd2.o
 .group         0x00000000        0x8 ./Generated_Code/BitIoLdd2.o
 .group         0x00000000        0x8 ./Generated_Code/BitIoLdd2.o
 .group         0x00000000        0x8 ./Generated_Code/BitIoLdd2.o
 .group         0x00000000        0x8 ./Generated_Code/BitIoLdd2.o
 .group         0x00000000        0x8 ./Generated_Code/BitIoLdd2.o
 .group         0x00000000        0x8 ./Generated_Code/BitIoLdd2.o
 .group         0x00000000        0x8 ./Generated_Code/BitIoLdd2.o
 .group         0x00000000        0x8 ./Generated_Code/BitIoLdd2.o
 .group         0x00000000        0x8 ./Generated_Code/BitIoLdd2.o
 .text          0x00000000        0x0 ./Generated_Code/BitIoLdd2.o
 .data          0x00000000        0x0 ./Generated_Code/BitIoLdd2.o
 .bss           0x00000000        0x0 ./Generated_Code/BitIoLdd2.o
 .text.BitIoLdd2_GetVal
                0x00000000       0x30 ./Generated_Code/BitIoLdd2.o
 .text.BitIoLdd2_PutVal
                0x00000000       0x34 ./Generated_Code/BitIoLdd2.o
 .debug_macro   0x00000000      0x850 ./Generated_Code/BitIoLdd2.o
 .debug_macro   0x00000000       0x16 ./Generated_Code/BitIoLdd2.o
 .debug_macro   0x00000000       0x44 ./Generated_Code/BitIoLdd2.o
 .debug_macro   0x00000000      0x209 ./Generated_Code/BitIoLdd2.o
 .debug_macro   0x00000000     0x1760 ./Generated_Code/BitIoLdd2.o
 .debug_macro   0x00000000      0x14e ./Generated_Code/BitIoLdd2.o
 .debug_macro   0x00000000       0x6a ./Generated_Code/BitIoLdd2.o
 .debug_macro   0x00000000     0xde57 ./Generated_Code/BitIoLdd2.o
 .debug_macro   0x00000000       0x94 ./Generated_Code/BitIoLdd2.o
 .debug_macro   0x00000000      0x12c ./Generated_Code/BitIoLdd2.o
 .debug_macro   0x00000000       0x9a ./Generated_Code/BitIoLdd2.o
 .group         0x00000000        0x8 ./Generated_Code/Cpu.o
 .group         0x00000000        0x8 ./Generated_Code/Cpu.o
 .group         0x00000000        0x8 ./Generated_Code/Cpu.o
 .group         0x00000000        0x8 ./Generated_Code/Cpu.o
 .group         0x00000000        0x8 ./Generated_Code/Cpu.o
 .group         0x00000000        0x8 ./Generated_Code/Cpu.o
 .group         0x00000000        0x8 ./Generated_Code/Cpu.o
 .group         0x00000000        0x8 ./Generated_Code/Cpu.o
 .group         0x00000000        0x8 ./Generated_Code/Cpu.o
 .group         0x00000000        0x8 ./Generated_Code/Cpu.o
 .group         0x00000000        0x8 ./Generated_Code/Cpu.o
 .group         0x00000000        0x8 ./Generated_Code/Cpu.o
 .group         0x00000000        0x8 ./Generated_Code/Cpu.o
 .group         0x00000000        0x8 ./Generated_Code/Cpu.o
 .group         0x00000000        0x8 ./Generated_Code/Cpu.o
 .group         0x00000000        0x8 ./Generated_Code/Cpu.o
 .group         0x00000000        0x8 ./Generated_Code/Cpu.o
 .group         0x00000000        0x8 ./Generated_Code/Cpu.o
 .text          0x00000000        0x0 ./Generated_Code/Cpu.o
 .data          0x00000000        0x0 ./Generated_Code/Cpu.o
 .bss           0x00000000        0x0 ./Generated_Code/Cpu.o
 .bss.SR_lock   0x00000000        0x1 ./Generated_Code/Cpu.o
 .debug_macro   0x00000000      0x850 ./Generated_Code/Cpu.o
 .debug_macro   0x00000000       0x16 ./Generated_Code/Cpu.o
 .debug_macro   0x00000000       0x44 ./Generated_Code/Cpu.o
 .debug_macro   0x00000000      0x209 ./Generated_Code/Cpu.o
 .debug_macro   0x00000000     0x1760 ./Generated_Code/Cpu.o
 .debug_macro   0x00000000      0x14e ./Generated_Code/Cpu.o
 .debug_macro   0x00000000       0x6a ./Generated_Code/Cpu.o
 .debug_macro   0x00000000     0xde57 ./Generated_Code/Cpu.o
 .debug_macro   0x00000000       0x94 ./Generated_Code/Cpu.o
 .debug_macro   0x00000000      0x12c ./Generated_Code/Cpu.o
 .debug_macro   0x00000000       0x9a ./Generated_Code/Cpu.o
 .debug_macro   0x00000000       0x40 ./Generated_Code/Cpu.o
 .debug_macro   0x00000000       0x1f ./Generated_Code/Cpu.o
 .debug_macro   0x00000000       0x46 ./Generated_Code/Cpu.o
 .debug_macro   0x00000000       0x1f ./Generated_Code/Cpu.o
 .debug_macro   0x00000000       0x22 ./Generated_Code/Cpu.o
 .debug_macro   0x00000000       0x22 ./Generated_Code/Cpu.o
 .debug_macro   0x00000000       0x37 ./Generated_Code/Cpu.o
 COMMON         0x00000000        0x1 ./Generated_Code/Cpu.o
 .group         0x00000000        0x8 ./Generated_Code/KSDK1.o
 .group         0x00000000        0x8 ./Generated_Code/KSDK1.o
 .group         0x00000000        0x8 ./Generated_Code/KSDK1.o
 .group         0x00000000        0x8 ./Generated_Code/KSDK1.o
 .group         0x00000000        0x8 ./Generated_Code/KSDK1.o
 .group         0x00000000        0x8 ./Generated_Code/KSDK1.o
 .group         0x00000000        0x8 ./Generated_Code/KSDK1.o
 .group         0x00000000        0x8 ./Generated_Code/KSDK1.o
 .group         0x00000000        0x8 ./Generated_Code/KSDK1.o
 .group         0x00000000        0x8 ./Generated_Code/KSDK1.o
 .group         0x00000000        0x8 ./Generated_Code/KSDK1.o
 .text          0x00000000        0x0 ./Generated_Code/KSDK1.o
 .data          0x00000000        0x0 ./Generated_Code/KSDK1.o
 .bss           0x00000000        0x0 ./Generated_Code/KSDK1.o
 .debug_info    0x00000000       0x84 ./Generated_Code/KSDK1.o
 .debug_abbrev  0x00000000       0x29 ./Generated_Code/KSDK1.o
 .debug_aranges
                0x00000000       0x18 ./Generated_Code/KSDK1.o
 .debug_macro   0x00000000       0x8b ./Generated_Code/KSDK1.o
 .debug_macro   0x00000000      0x850 ./Generated_Code/KSDK1.o
 .debug_macro   0x00000000       0x22 ./Generated_Code/KSDK1.o
 .debug_macro   0x00000000       0x16 ./Generated_Code/KSDK1.o
 .debug_macro   0x00000000       0x44 ./Generated_Code/KSDK1.o
 .debug_macro   0x00000000      0x209 ./Generated_Code/KSDK1.o
 .debug_macro   0x00000000       0x22 ./Generated_Code/KSDK1.o
 .debug_macro   0x00000000     0x1766 ./Generated_Code/KSDK1.o
 .debug_macro   0x00000000      0x14e ./Generated_Code/KSDK1.o
 .debug_macro   0x00000000       0x6a ./Generated_Code/KSDK1.o
 .debug_macro   0x00000000     0xde57 ./Generated_Code/KSDK1.o
 .debug_macro   0x00000000       0x9a ./Generated_Code/KSDK1.o
 .debug_line    0x00000000      0x217 ./Generated_Code/KSDK1.o
 .debug_str     0x00000000    0x579cf ./Generated_Code/KSDK1.o
 .comment       0x00000000       0x71 ./Generated_Code/KSDK1.o
 .ARM.attributes
                0x00000000       0x39 ./Generated_Code/KSDK1.o
 .group         0x00000000        0x8 ./Generated_Code/LEDRedL.o
 .group         0x00000000        0x8 ./Generated_Code/LEDRedL.o
 .group         0x00000000        0x8 ./Generated_Code/LEDRedL.o
 .group         0x00000000        0x8 ./Generated_Code/LEDRedL.o
 .group         0x00000000        0x8 ./Generated_Code/LEDRedL.o
 .group         0x00000000        0x8 ./Generated_Code/LEDRedL.o
 .group         0x00000000        0x8 ./Generated_Code/LEDRedL.o
 .group         0x00000000        0x8 ./Generated_Code/LEDRedL.o
 .group         0x00000000        0x8 ./Generated_Code/LEDRedL.o
 .group         0x00000000        0x8 ./Generated_Code/LEDRedL.o
 .group         0x00000000        0x8 ./Generated_Code/LEDRedL.o
 .group         0x00000000        0x8 ./Generated_Code/LEDRedL.o
 .group         0x00000000        0x8 ./Generated_Code/LEDRedL.o
 .text          0x00000000        0x0 ./Generated_Code/LEDRedL.o
 .data          0x00000000        0x0 ./Generated_Code/LEDRedL.o
 .bss           0x00000000        0x0 ./Generated_Code/LEDRedL.o
 .debug_info    0x00000000       0x7d ./Generated_Code/LEDRedL.o
 .debug_abbrev  0x00000000       0x29 ./Generated_Code/LEDRedL.o
 .debug_aranges
                0x00000000       0x18 ./Generated_Code/LEDRedL.o
 .debug_macro   0x00000000       0xb5 ./Generated_Code/LEDRedL.o
 .debug_macro   0x00000000      0x850 ./Generated_Code/LEDRedL.o
 .debug_macro   0x00000000       0x16 ./Generated_Code/LEDRedL.o
 .debug_macro   0x00000000       0x44 ./Generated_Code/LEDRedL.o
 .debug_macro   0x00000000      0x209 ./Generated_Code/LEDRedL.o
 .debug_macro   0x00000000     0x1760 ./Generated_Code/LEDRedL.o
 .debug_macro   0x00000000      0x14e ./Generated_Code/LEDRedL.o
 .debug_macro   0x00000000       0x6a ./Generated_Code/LEDRedL.o
 .debug_macro   0x00000000     0xde57 ./Generated_Code/LEDRedL.o
 .debug_macro   0x00000000       0x94 ./Generated_Code/LEDRedL.o
 .debug_macro   0x00000000      0x12c ./Generated_Code/LEDRedL.o
 .debug_macro   0x00000000       0x9a ./Generated_Code/LEDRedL.o
 .debug_macro   0x00000000       0x40 ./Generated_Code/LEDRedL.o
 .debug_macro   0x00000000       0x1f ./Generated_Code/LEDRedL.o
 .debug_line    0x00000000      0x28c ./Generated_Code/LEDRedL.o
 .debug_str     0x00000000    0x588d7 ./Generated_Code/LEDRedL.o
 .comment       0x00000000       0x71 ./Generated_Code/LEDRedL.o
 .ARM.attributes
                0x00000000       0x39 ./Generated_Code/LEDRedL.o
 .group         0x00000000        0x8 ./Generated_Code/LEDRedR.o
 .group         0x00000000        0x8 ./Generated_Code/LEDRedR.o
 .group         0x00000000        0x8 ./Generated_Code/LEDRedR.o
 .group         0x00000000        0x8 ./Generated_Code/LEDRedR.o
 .group         0x00000000        0x8 ./Generated_Code/LEDRedR.o
 .group         0x00000000        0x8 ./Generated_Code/LEDRedR.o
 .group         0x00000000        0x8 ./Generated_Code/LEDRedR.o
 .group         0x00000000        0x8 ./Generated_Code/LEDRedR.o
 .group         0x00000000        0x8 ./Generated_Code/LEDRedR.o
 .group         0x00000000        0x8 ./Generated_Code/LEDRedR.o
 .group         0x00000000        0x8 ./Generated_Code/LEDRedR.o
 .group         0x00000000        0x8 ./Generated_Code/LEDRedR.o
 .group         0x00000000        0x8 ./Generated_Code/LEDRedR.o
 .text          0x00000000        0x0 ./Generated_Code/LEDRedR.o
 .data          0x00000000        0x0 ./Generated_Code/LEDRedR.o
 .bss           0x00000000        0x0 ./Generated_Code/LEDRedR.o
 .debug_info    0x00000000       0x7d ./Generated_Code/LEDRedR.o
 .debug_abbrev  0x00000000       0x29 ./Generated_Code/LEDRedR.o
 .debug_aranges
                0x00000000       0x18 ./Generated_Code/LEDRedR.o
 .debug_macro   0x00000000       0xb5 ./Generated_Code/LEDRedR.o
 .debug_macro   0x00000000      0x850 ./Generated_Code/LEDRedR.o
 .debug_macro   0x00000000       0x16 ./Generated_Code/LEDRedR.o
 .debug_macro   0x00000000       0x44 ./Generated_Code/LEDRedR.o
 .debug_macro   0x00000000      0x209 ./Generated_Code/LEDRedR.o
 .debug_macro   0x00000000     0x1760 ./Generated_Code/LEDRedR.o
 .debug_macro   0x00000000      0x14e ./Generated_Code/LEDRedR.o
 .debug_macro   0x00000000       0x6a ./Generated_Code/LEDRedR.o
 .debug_macro   0x00000000     0xde57 ./Generated_Code/LEDRedR.o
 .debug_macro   0x00000000       0x94 ./Generated_Code/LEDRedR.o
 .debug_macro   0x00000000      0x12c ./Generated_Code/LEDRedR.o
 .debug_macro   0x00000000       0x9a ./Generated_Code/LEDRedR.o
 .debug_macro   0x00000000       0x40 ./Generated_Code/LEDRedR.o
 .debug_macro   0x00000000       0x1f ./Generated_Code/LEDRedR.o
 .debug_line    0x00000000      0x28c ./Generated_Code/LEDRedR.o
 .debug_str     0x00000000    0x588d9 ./Generated_Code/LEDRedR.o
 .comment       0x00000000       0x71 ./Generated_Code/LEDRedR.o
 .ARM.attributes
                0x00000000       0x39 ./Generated_Code/LEDRedR.o
 .group         0x00000000        0x8 ./Generated_Code/PE_LDD.o
 .group         0x00000000        0x8 ./Generated_Code/PE_LDD.o
 .group         0x00000000        0x8 ./Generated_Code/PE_LDD.o
 .group         0x00000000        0x8 ./Generated_Code/PE_LDD.o
 .group         0x00000000        0x8 ./Generated_Code/PE_LDD.o
 .group         0x00000000        0x8 ./Generated_Code/PE_LDD.o
 .group         0x00000000        0x8 ./Generated_Code/PE_LDD.o
 .group         0x00000000        0x8 ./Generated_Code/PE_LDD.o
 .group         0x00000000        0x8 ./Generated_Code/PE_LDD.o
 .group         0x00000000        0x8 ./Generated_Code/PE_LDD.o
 .group         0x00000000        0x8 ./Generated_Code/PE_LDD.o
 .group         0x00000000        0x8 ./Generated_Code/PE_LDD.o
 .group         0x00000000        0x8 ./Generated_Code/PE_LDD.o
 .group         0x00000000        0x8 ./Generated_Code/PE_LDD.o
 .group         0x00000000        0x8 ./Generated_Code/PE_LDD.o
 .group         0x00000000        0x8 ./Generated_Code/PE_LDD.o
 .group         0x00000000        0x8 ./Generated_Code/PE_LDD.o
 .group         0x00000000        0x8 ./Generated_Code/PE_LDD.o
 .text          0x00000000        0x0 ./Generated_Code/PE_LDD.o
 .data          0x00000000        0x0 ./Generated_Code/PE_LDD.o
 .bss           0x00000000        0x0 ./Generated_Code/PE_LDD.o
 .rodata.PE_CpuClockConfigurations
                0x00000000       0x28 ./Generated_Code/PE_LDD.o
 .text.PE_FillMemory
                0x00000000       0x24 ./Generated_Code/PE_LDD.o
 .text.PE_PeripheralUsed
                0x00000000       0x38 ./Generated_Code/PE_LDD.o
 .text.LDD_SetClockConfiguration
                0x00000000       0x14 ./Generated_Code/PE_LDD.o
 .debug_macro   0x00000000      0x850 ./Generated_Code/PE_LDD.o
 .debug_macro   0x00000000       0x16 ./Generated_Code/PE_LDD.o
 .debug_macro   0x00000000       0x44 ./Generated_Code/PE_LDD.o
 .debug_macro   0x00000000      0x209 ./Generated_Code/PE_LDD.o
 .debug_macro   0x00000000     0x1760 ./Generated_Code/PE_LDD.o
 .debug_macro   0x00000000      0x14e ./Generated_Code/PE_LDD.o
 .debug_macro   0x00000000       0x6a ./Generated_Code/PE_LDD.o
 .debug_macro   0x00000000     0xde57 ./Generated_Code/PE_LDD.o
 .debug_macro   0x00000000       0x94 ./Generated_Code/PE_LDD.o
 .debug_macro   0x00000000      0x12c ./Generated_Code/PE_LDD.o
 .debug_macro   0x00000000       0x9a ./Generated_Code/PE_LDD.o
 .debug_macro   0x00000000       0x40 ./Generated_Code/PE_LDD.o
 .debug_macro   0x00000000       0x1f ./Generated_Code/PE_LDD.o
 .debug_macro   0x00000000       0x46 ./Generated_Code/PE_LDD.o
 .debug_macro   0x00000000       0x1f ./Generated_Code/PE_LDD.o
 .debug_macro   0x00000000       0x22 ./Generated_Code/PE_LDD.o
 .debug_macro   0x00000000       0x22 ./Generated_Code/PE_LDD.o
 .debug_macro   0x00000000       0x37 ./Generated_Code/PE_LDD.o
 .group         0x00000000        0x8 ./Generated_Code/Vectors.o
 .group         0x00000000        0x8 ./Generated_Code/Vectors.o
 .group         0x00000000        0x8 ./Generated_Code/Vectors.o
 .group         0x00000000        0x8 ./Generated_Code/Vectors.o
 .group         0x00000000        0x8 ./Generated_Code/Vectors.o
 .group         0x00000000        0x8 ./Generated_Code/Vectors.o
 .group         0x00000000        0x8 ./Generated_Code/Vectors.o
 .group         0x00000000        0x8 ./Generated_Code/Vectors.o
 .group         0x00000000        0x8 ./Generated_Code/Vectors.o
 .group         0x00000000        0x8 ./Generated_Code/Vectors.o
 .group         0x00000000        0x8 ./Generated_Code/Vectors.o
 .group         0x00000000        0x8 ./Generated_Code/Vectors.o
 .group         0x00000000        0x8 ./Generated_Code/Vectors.o
 .group         0x00000000        0x8 ./Generated_Code/Vectors.o
 .group         0x00000000        0x8 ./Generated_Code/Vectors.o
 .group         0x00000000        0x8 ./Generated_Code/Vectors.o
 .group         0x00000000        0x8 ./Generated_Code/Vectors.o
 .group         0x00000000        0x8 ./Generated_Code/Vectors.o
 .text          0x00000000        0x0 ./Generated_Code/Vectors.o
 .data          0x00000000        0x0 ./Generated_Code/Vectors.o
 .bss           0x00000000        0x0 ./Generated_Code/Vectors.o
 .debug_macro   0x00000000      0x850 ./Generated_Code/Vectors.o
 .debug_macro   0x00000000       0x16 ./Generated_Code/Vectors.o
 .debug_macro   0x00000000       0x44 ./Generated_Code/Vectors.o
 .debug_macro   0x00000000      0x209 ./Generated_Code/Vectors.o
 .debug_macro   0x00000000     0x1760 ./Generated_Code/Vectors.o
 .debug_macro   0x00000000      0x14e ./Generated_Code/Vectors.o
 .debug_macro   0x00000000       0x6a ./Generated_Code/Vectors.o
 .debug_macro   0x00000000     0xde57 ./Generated_Code/Vectors.o
 .debug_macro   0x00000000       0x94 ./Generated_Code/Vectors.o
 .debug_macro   0x00000000       0x94 ./Generated_Code/Vectors.o
 .debug_macro   0x00000000      0x12c ./Generated_Code/Vectors.o
 .debug_macro   0x00000000       0x40 ./Generated_Code/Vectors.o
 .debug_macro   0x00000000       0x1f ./Generated_Code/Vectors.o
 .debug_macro   0x00000000       0x46 ./Generated_Code/Vectors.o
 .debug_macro   0x00000000       0x1f ./Generated_Code/Vectors.o
 .debug_macro   0x00000000       0x22 ./Generated_Code/Vectors.o
 .debug_macro   0x00000000       0x22 ./Generated_Code/Vectors.o
 .debug_macro   0x00000000       0x37 ./Generated_Code/Vectors.o
 .group         0x00000000        0x8 ./Generated_Code/WAIT1.o
 .group         0x00000000        0x8 ./Generated_Code/WAIT1.o
 .group         0x00000000        0x8 ./Generated_Code/WAIT1.o
 .group         0x00000000        0x8 ./Generated_Code/WAIT1.o
 .group         0x00000000        0x8 ./Generated_Code/WAIT1.o
 .group         0x00000000        0x8 ./Generated_Code/WAIT1.o
 .group         0x00000000        0x8 ./Generated_Code/WAIT1.o
 .group         0x00000000        0x8 ./Generated_Code/WAIT1.o
 .group         0x00000000        0x8 ./Generated_Code/WAIT1.o
 .group         0x00000000        0x8 ./Generated_Code/WAIT1.o
 .group         0x00000000        0x8 ./Generated_Code/WAIT1.o
 .group         0x00000000        0x8 ./Generated_Code/WAIT1.o
 .text          0x00000000        0x0 ./Generated_Code/WAIT1.o
 .data          0x00000000        0x0 ./Generated_Code/WAIT1.o
 .bss           0x00000000        0x0 ./Generated_Code/WAIT1.o
 .debug_macro   0x00000000      0x850 ./Generated_Code/WAIT1.o
 .debug_macro   0x00000000       0x22 ./Generated_Code/WAIT1.o
 .debug_macro   0x00000000       0x16 ./Generated_Code/WAIT1.o
 .debug_macro   0x00000000       0x44 ./Generated_Code/WAIT1.o
 .debug_macro   0x00000000      0x209 ./Generated_Code/WAIT1.o
 .debug_macro   0x00000000       0x22 ./Generated_Code/WAIT1.o
 .debug_macro   0x00000000     0x1766 ./Generated_Code/WAIT1.o
 .debug_macro   0x00000000      0x14e ./Generated_Code/WAIT1.o
 .debug_macro   0x00000000       0x6a ./Generated_Code/WAIT1.o
 .debug_macro   0x00000000     0xde57 ./Generated_Code/WAIT1.o
 .debug_macro   0x00000000       0x9a ./Generated_Code/WAIT1.o
 .debug_macro   0x00000000       0x37 ./Generated_Code/WAIT1.o
 .text          0x00000000        0x0 c:/freescale/kds_v3/toolchain/bin/../lib/gcc/arm-none-eabi/4.8.4/../../../../arm-none-eabi/lib/armv7e-m/fpu\libg_s.a(lib_a-exit.o)
 .data          0x00000000        0x0 c:/freescale/kds_v3/toolchain/bin/../lib/gcc/arm-none-eabi/4.8.4/../../../../arm-none-eabi/lib/armv7e-m/fpu\libg_s.a(lib_a-exit.o)
 .bss           0x00000000        0x0 c:/freescale/kds_v3/toolchain/bin/../lib/gcc/arm-none-eabi/4.8.4/../../../../arm-none-eabi/lib/armv7e-m/fpu\libg_s.a(lib_a-exit.o)
 .text          0x00000000        0x0 c:/freescale/kds_v3/toolchain/bin/../lib/gcc/arm-none-eabi/4.8.4/../../../../arm-none-eabi/lib/armv7e-m/fpu\libg_s.a(lib_a-impure.o)
 .data          0x00000000        0x0 c:/freescale/kds_v3/toolchain/bin/../lib/gcc/arm-none-eabi/4.8.4/../../../../arm-none-eabi/lib/armv7e-m/fpu\libg_s.a(lib_a-impure.o)
 .bss           0x00000000        0x0 c:/freescale/kds_v3/toolchain/bin/../lib/gcc/arm-none-eabi/4.8.4/../../../../arm-none-eabi/lib/armv7e-m/fpu\libg_s.a(lib_a-impure.o)
 .data._impure_ptr
                0x00000000        0x4 c:/freescale/kds_v3/toolchain/bin/../lib/gcc/arm-none-eabi/4.8.4/../../../../arm-none-eabi/lib/armv7e-m/fpu\libg_s.a(lib_a-impure.o)
 .text          0x00000000        0x0 c:/freescale/kds_v3/toolchain/bin/../lib/gcc/arm-none-eabi/4.8.4/../../../../arm-none-eabi/lib/armv7e-m/fpu\libg_s.a(lib_a-init.o)
 .data          0x00000000        0x0 c:/freescale/kds_v3/toolchain/bin/../lib/gcc/arm-none-eabi/4.8.4/../../../../arm-none-eabi/lib/armv7e-m/fpu\libg_s.a(lib_a-init.o)
 .bss           0x00000000        0x0 c:/freescale/kds_v3/toolchain/bin/../lib/gcc/arm-none-eabi/4.8.4/../../../../arm-none-eabi/lib/armv7e-m/fpu\libg_s.a(lib_a-init.o)
 .text          0x00000000        0x0 c:/freescale/kds_v3/toolchain/bin/../lib/gcc/arm-none-eabi/4.8.4/../../../../arm-none-eabi/lib/armv7e-m/fpu\libg_s.a(lib_a-memset.o)
 .data          0x00000000        0x0 c:/freescale/kds_v3/toolchain/bin/../lib/gcc/arm-none-eabi/4.8.4/../../../../arm-none-eabi/lib/armv7e-m/fpu\libg_s.a(lib_a-memset.o)
 .bss           0x00000000        0x0 c:/freescale/kds_v3/toolchain/bin/../lib/gcc/arm-none-eabi/4.8.4/../../../../arm-none-eabi/lib/armv7e-m/fpu\libg_s.a(lib_a-memset.o)
 .text          0x00000000        0x0 c:/freescale/kds_v3/toolchain/bin/../lib/gcc/arm-none-eabi/4.8.4/../../../../arm-none-eabi/lib/armv7e-m/fpu\libnosys.a(_exit.o)
 .data          0x00000000        0x0 c:/freescale/kds_v3/toolchain/bin/../lib/gcc/arm-none-eabi/4.8.4/../../../../arm-none-eabi/lib/armv7e-m/fpu\libnosys.a(_exit.o)
 .bss           0x00000000        0x0 c:/freescale/kds_v3/toolchain/bin/../lib/gcc/arm-none-eabi/4.8.4/../../../../arm-none-eabi/lib/armv7e-m/fpu\libnosys.a(_exit.o)
 .text          0x00000000        0x0 c:/freescale/kds_v3/toolchain/bin/../lib/gcc/arm-none-eabi/4.8.4/armv7e-m/fpu/crtend.o
 .data          0x00000000        0x0 c:/freescale/kds_v3/toolchain/bin/../lib/gcc/arm-none-eabi/4.8.4/armv7e-m/fpu/crtend.o
 .bss           0x00000000        0x0 c:/freescale/kds_v3/toolchain/bin/../lib/gcc/arm-none-eabi/4.8.4/armv7e-m/fpu/crtend.o
 .eh_frame      0x00000000        0x4 c:/freescale/kds_v3/toolchain/bin/../lib/gcc/arm-none-eabi/4.8.4/armv7e-m/fpu/crtend.o
 .jcr           0x00000000        0x4 c:/freescale/kds_v3/toolchain/bin/../lib/gcc/arm-none-eabi/4.8.4/armv7e-m/fpu/crtend.o
 .ARM.attributes
                0x00000000       0x34 c:/freescale/kds_v3/toolchain/bin/../lib/gcc/arm-none-eabi/4.8.4/armv7e-m/fpu/crtend.o
 .text          0x00000000        0x0 c:/freescale/kds_v3/toolchain/bin/../lib/gcc/arm-none-eabi/4.8.4/armv7e-m/fpu/crtn.o
 .data          0x00000000        0x0 c:/freescale/kds_v3/toolchain/bin/../lib/gcc/arm-none-eabi/4.8.4/armv7e-m/fpu/crtn.o
 .bss           0x00000000        0x0 c:/freescale/kds_v3/toolchain/bin/../lib/gcc/arm-none-eabi/4.8.4/armv7e-m/fpu/crtn.o

Memory Configuration

Name             Origin             Length             Attributes
m_interrupts     0x00000000         0x00000188         xr
m_text           0x00000410         0x0007fbf0         xr
m_data           0x1fff8000         0x00008000         rw
m_data_20000000  0x20000000         0x00008000         rw
m_cfmprotrom     0x00000400         0x00000010         xr
*default*        0x00000000         0xffffffff

Linker script and memory map

LOAD c:/freescale/kds_v3/toolchain/bin/../lib/gcc/arm-none-eabi/4.8.4/armv7e-m/fpu/crti.o
LOAD c:/freescale/kds_v3/toolchain/bin/../lib/gcc/arm-none-eabi/4.8.4/armv7e-m/fpu/crtbegin.o
LOAD c:/freescale/kds_v3/toolchain/bin/../lib/gcc/arm-none-eabi/4.8.4/../../../../arm-none-eabi/lib/armv7e-m/fpu/crt0.o
LOAD ./Sources/Events.o
LOAD ./Sources/main.o
LOAD ./Project_Settings/Startup_Code/startup.o
LOAD ./Generated_Code/BitIoLdd1.o
LOAD ./Generated_Code/BitIoLdd2.o
LOAD ./Generated_Code/Cpu.o
LOAD ./Generated_Code/KSDK1.o
LOAD ./Generated_Code/LEDRedL.o
LOAD ./Generated_Code/LEDRedR.o
LOAD ./Generated_Code/PE_LDD.o
LOAD ./Generated_Code/Vectors.o
LOAD ./Generated_Code/WAIT1.o
LOAD c:/freescale/kds_v3/toolchain/bin/../lib/gcc/arm-none-eabi/4.8.4/../../../../arm-none-eabi/lib/armv7e-m/fpu\libstdc++_s.a
LOAD c:/freescale/kds_v3/toolchain/bin/../lib/gcc/arm-none-eabi/4.8.4/../../../../arm-none-eabi/lib/armv7e-m/fpu\libm.a
START GROUP
LOAD c:/freescale/kds_v3/toolchain/bin/../lib/gcc/arm-none-eabi/4.8.4/armv7e-m/fpu\libgcc.a
LOAD c:/freescale/kds_v3/toolchain/bin/../lib/gcc/arm-none-eabi/4.8.4/../../../../arm-none-eabi/lib/armv7e-m/fpu\libg_s.a
LOAD c:/freescale/kds_v3/toolchain/bin/../lib/gcc/arm-none-eabi/4.8.4/../../../../arm-none-eabi/lib/armv7e-m/fpu\libc_s.a
END GROUP
START GROUP
LOAD c:/freescale/kds_v3/toolchain/bin/../lib/gcc/arm-none-eabi/4.8.4/armv7e-m/fpu\libgcc.a
LOAD c:/freescale/kds_v3/toolchain/bin/../lib/gcc/arm-none-eabi/4.8.4/../../../../arm-none-eabi/lib/armv7e-m/fpu\libc_s.a
LOAD c:/freescale/kds_v3/toolchain/bin/../lib/gcc/arm-none-eabi/4.8.4/../../../../arm-none-eabi/lib/armv7e-m/fpu\libnosys.a
END GROUP
START GROUP
LOAD c:/freescale/kds_v3/toolchain/bin/../lib/gcc/arm-none-eabi/4.8.4/armv7e-m/fpu\libgcc.a
LOAD c:/freescale/kds_v3/toolchain/bin/../lib/gcc/arm-none-eabi/4.8.4/../../../../arm-none-eabi/lib/armv7e-m/fpu\libc_s.a
LOAD c:/freescale/kds_v3/toolchain/bin/../lib/gcc/arm-none-eabi/4.8.4/../../../../arm-none-eabi/lib/armv7e-m/fpu\libnosys.a
END GROUP
LOAD c:/freescale/kds_v3/toolchain/bin/../lib/gcc/arm-none-eabi/4.8.4/armv7e-m/fpu/crtend.o
LOAD c:/freescale/kds_v3/toolchain/bin/../lib/gcc/arm-none-eabi/4.8.4/armv7e-m/fpu/crtn.o
                0x20000000                _estack = 0x20000000
                0x20000000                __SP_INIT = _estack
                0x20000000                __stack = _estack
                0x00000000                __heap_size = 0x0
                0x00000400                __stack_size = 0x400

.interrupts     0x00000000      0x188
                0x00000000                __vector_table = .
                0x00000000                . = ALIGN (0x4)
 *(.vectortable)
 .vectortable   0x00000000      0x188 ./Generated_Code/Vectors.o
                0x00000000                __vect_table
                0x00000188                . = ALIGN (0x4)

.cfmprotect     0x00000400       0x10
                0x00000400                . = ALIGN (0x4)
 *(.cfmconfig)
 .cfmconfig     0x00000400       0x10 ./Generated_Code/Cpu.o
                0x00000400                _cfm
                0x00000410                . = ALIGN (0x4)

.text           0x00000410      0x7f4
                0x00000410                . = ALIGN (0x4)
 *(.text)
 .text          0x00000410       0x54 c:/freescale/kds_v3/toolchain/bin/../lib/gcc/arm-none-eabi/4.8.4/armv7e-m/fpu/crtbegin.o
 .text          0x00000464       0x74 c:/freescale/kds_v3/toolchain/bin/../lib/gcc/arm-none-eabi/4.8.4/../../../../arm-none-eabi/lib/armv7e-m/fpu/crt0.o
                0x00000464                _start
                0x00000464                _mainCRTStartup
 *(.text*)
 .text.Cpu_OnNMIINT
                0x000004d8        0xc ./Sources/Events.o
                0x000004d8                Cpu_OnNMIINT
 .text.main     0x000004e4       0x48 ./Sources/main.o
                0x000004e4                main
 .text.__copy_rom_section
                0x0000052c       0xe4 ./Project_Settings/Startup_Code/startup.o
                0x0000052c                __copy_rom_section
 .text.__copy_rom_sections_to_ram
                0x00000610       0x9c ./Project_Settings/Startup_Code/startup.o
                0x00000610                __copy_rom_sections_to_ram
 .text.__init_registers
                0x000006ac       0x20 ./Project_Settings/Startup_Code/startup.o
                0x000006ac                __init_registers
 .text.__init_user
                0x000006cc        0xc ./Project_Settings/Startup_Code/startup.o
                0x000006cc                __init_user
 .text.__thumb_startup
                0x000006d8       0x34 ./Project_Settings/Startup_Code/startup.o
                0x000006d8                __thumb_startup
 .text.BitIoLdd1_Init
                0x0000070c       0x64 ./Generated_Code/BitIoLdd1.o
                0x0000070c                BitIoLdd1_Init
 .text.BitIoLdd1_ClrVal
                0x00000770       0x1c ./Generated_Code/BitIoLdd1.o
                0x00000770                BitIoLdd1_ClrVal
 .text.BitIoLdd1_SetVal
                0x0000078c       0x1c ./Generated_Code/BitIoLdd1.o
                0x0000078c                BitIoLdd1_SetVal
 .text.BitIoLdd2_Init
                0x000007a8       0x64 ./Generated_Code/BitIoLdd2.o
                0x000007a8                BitIoLdd2_Init
 .text.BitIoLdd2_ClrVal
                0x0000080c       0x20 ./Generated_Code/BitIoLdd2.o
                0x0000080c                BitIoLdd2_ClrVal
 .text.BitIoLdd2_SetVal
                0x0000082c       0x20 ./Generated_Code/BitIoLdd2.o
                0x0000082c                BitIoLdd2_SetVal
 .text.Cpu_INT_NMIInterrupt
                0x0000084c       0x1c ./Generated_Code/Cpu.o
                0x0000084c                Cpu_INT_NMIInterrupt
 .text.Cpu_Interrupt
                0x00000868       0x18 ./Generated_Code/Cpu.o
                0x00000868                Cpu_Interrupt
 .text.__init_hardware
                0x00000880      0x11c ./Generated_Code/Cpu.o
                0x00000880                __init_hardware
 .text.Cpu_SetBASEPRI
                0x0000099c       0x18 ./Generated_Code/Cpu.o
                0x0000099c                Cpu_SetBASEPRI
 .text.PE_low_level_init
                0x000009b4       0xe0 ./Generated_Code/Cpu.o
                0x000009b4                PE_low_level_init
 .text.WAIT1_Wait10Cycles
                0x00000a94        0x8 ./Generated_Code/WAIT1.o
                0x00000a94                WAIT1_Wait10Cycles
 .text.WAIT1_Wait100Cycles
                0x00000a9c       0x28 ./Generated_Code/WAIT1.o
                0x00000a9c                WAIT1_Wait100Cycles
 .text.WAIT1_WaitCycles
                0x00000ac4       0x34 ./Generated_Code/WAIT1.o
                0x00000ac4                WAIT1_WaitCycles
 .text.WAIT1_WaitLongCycles
                0x00000af8       0x38 ./Generated_Code/WAIT1.o
                0x00000af8                WAIT1_WaitLongCycles
 .text.WAIT1_Waitms
                0x00000b30       0x2c ./Generated_Code/WAIT1.o
                0x00000b30                WAIT1_Waitms
 .text.exit     0x00000b5c       0x28 c:/freescale/kds_v3/toolchain/bin/../lib/gcc/arm-none-eabi/4.8.4/../../../../arm-none-eabi/lib/armv7e-m/fpu\libg_s.a(lib_a-exit.o)
                0x00000b5c                exit
 .text.__libc_init_array
                0x00000b84       0x4c c:/freescale/kds_v3/toolchain/bin/../lib/gcc/arm-none-eabi/4.8.4/../../../../arm-none-eabi/lib/armv7e-m/fpu\libg_s.a(lib_a-init.o)
                0x00000b84                __libc_init_array
 .text.memset   0x00000bd0       0x10 c:/freescale/kds_v3/toolchain/bin/../lib/gcc/arm-none-eabi/4.8.4/../../../../arm-none-eabi/lib/armv7e-m/fpu\libg_s.a(lib_a-memset.o)
                0x00000bd0                memset
 .text._exit    0x00000be0        0x4 c:/freescale/kds_v3/toolchain/bin/../lib/gcc/arm-none-eabi/4.8.4/../../../../arm-none-eabi/lib/armv7e-m/fpu\libnosys.a(_exit.o)
                0x00000be0                _exit
 *(.rodata)
 *(.rodata*)
 .rodata.str1.1
                0x00000be4        0x2 c:/freescale/kds_v3/toolchain/bin/../lib/gcc/arm-none-eabi/4.8.4/../../../../arm-none-eabi/lib/armv7e-m/fpu\libg_s.a(lib_a-impure.o)
 *fill*         0x00000be6        0x2 
 .rodata._global_impure_ptr
                0x00000be8        0x4 c:/freescale/kds_v3/toolchain/bin/../lib/gcc/arm-none-eabi/4.8.4/../../../../arm-none-eabi/lib/armv7e-m/fpu\libg_s.a(lib_a-impure.o)
                0x00000be8                _global_impure_ptr
 *(.glue_7)
 .glue_7        0x00000000        0x0 linker stubs
 *(.glue_7t)
 .glue_7t       0x00000000        0x0 linker stubs
 *(.eh_frame)
 .eh_frame      0x00000bec        0x0 c:/freescale/kds_v3/toolchain/bin/../lib/gcc/arm-none-eabi/4.8.4/armv7e-m/fpu/crtbegin.o
 *(.init)
 .init          0x00000bec        0x4 c:/freescale/kds_v3/toolchain/bin/../lib/gcc/arm-none-eabi/4.8.4/armv7e-m/fpu/crti.o
                0x00000bec                _init
 .init          0x00000bf0        0x8 c:/freescale/kds_v3/toolchain/bin/../lib/gcc/arm-none-eabi/4.8.4/armv7e-m/fpu/crtn.o
 *(.fini)
 .fini          0x00000bf8        0x4 c:/freescale/kds_v3/toolchain/bin/../lib/gcc/arm-none-eabi/4.8.4/armv7e-m/fpu/crti.o
                0x00000bf8                _fini
 .fini          0x00000bfc        0x8 c:/freescale/kds_v3/toolchain/bin/../lib/gcc/arm-none-eabi/4.8.4/armv7e-m/fpu/crtn.o
                0x00000c04                . = ALIGN (0x4)
                0x00000c04                _etext = .

.vfp11_veneer   0x00000c04        0x0
 .vfp11_veneer  0x00000000        0x0 linker stubs

.v4_bx          0x00000c04        0x0
 .v4_bx         0x00000000        0x0 linker stubs

.iplt           0x00000c04        0x0
 .iplt          0x00000000        0x0 c:/freescale/kds_v3/toolchain/bin/../lib/gcc/arm-none-eabi/4.8.4/armv7e-m/fpu/crtbegin.o

.ARM.extab
 *(.ARM.extab* .gnu.linkonce.armextab.*)

.ARM            0x00000c04        0x8
                0x00000c04                __exidx_start = .
 *(.ARM.exidx*)
 .ARM.exidx     0x00000c04        0x8 c:/freescale/kds_v3/toolchain/bin/../lib/gcc/arm-none-eabi/4.8.4/../../../../arm-none-eabi/lib/armv7e-m/fpu/crt0.o
                0x00000c0c                __exidx_end = .

.rel.dyn        0x00000c0c        0x0
 .rel.iplt      0x00000000        0x0 c:/freescale/kds_v3/toolchain/bin/../lib/gcc/arm-none-eabi/4.8.4/armv7e-m/fpu/crtbegin.o

.ctors          0x00000c0c        0x0
                0x00000c0c                __CTOR_LIST__ = .
 *crtbegin.o(.ctors)
 *(EXCLUDE_FILE(*crtend.o) .ctors)
 *(SORT(.ctors.*))
 *(.ctors)
                0x00000c0c                __CTOR_END__ = .

.dtors          0x00000c0c        0x0
                0x00000c0c                __DTOR_LIST__ = .
 *crtbegin.o(.dtors)
 *(EXCLUDE_FILE(*crtend.o) .dtors)
 *(SORT(.dtors.*))
 *(.dtors)
                0x00000c0c                __DTOR_END__ = .

.preinit_array  0x00000c0c        0x0
                0x00000c0c                PROVIDE (__preinit_array_start, .)
 *(.preinit_array*)
                0x00000c0c                PROVIDE (__preinit_array_end, .)

.init_array     0x00000c0c        0x4
                0x00000c0c                PROVIDE (__init_array_start, .)
 *(SORT(.init_array.*))
 *(.init_array*)
 .init_array    0x00000c0c        0x4 c:/freescale/kds_v3/toolchain/bin/../lib/gcc/arm-none-eabi/4.8.4/armv7e-m/fpu/crtbegin.o
                0x00000c10                PROVIDE (__init_array_end, .)

.fini_array     0x00000c10        0x4
                0x00000c10                PROVIDE (__fini_array_start, .)
 *(SORT(.fini_array.*))
 *(.fini_array*)
 .fini_array    0x00000c10        0x4 c:/freescale/kds_v3/toolchain/bin/../lib/gcc/arm-none-eabi/4.8.4/armv7e-m/fpu/crtbegin.o
                0x00000c14                PROVIDE (__fini_array_end, .)
                0x00000c14                ___ROM_AT = .

.data           0x1fff8000       0x60 load address 0x00000c14
                0x1fff8000                . = ALIGN (0x4)
                0x1fff8000                _sdata = .
 *(.data)
 *(.data*)
 .data.impure_data
                0x1fff8000       0x60 c:/freescale/kds_v3/toolchain/bin/../lib/gcc/arm-none-eabi/4.8.4/../../../../arm-none-eabi/lib/armv7e-m/fpu\libg_s.a(lib_a-impure.o)
                0x1fff8060                . = ALIGN (0x4)
                0x1fff8060                _edata = .
                0x00000060                ___data_size = (_edata - _sdata)
                0x00000c74                ___m_data_20000000_ROMStart = (___ROM_AT + SIZEOF (.data))

.jcr            0x1fff8060        0x0 load address 0x00000c74
 .jcr           0x1fff8060        0x0 c:/freescale/kds_v3/toolchain/bin/../lib/gcc/arm-none-eabi/4.8.4/armv7e-m/fpu/crtbegin.o

.igot.plt       0x1fff8060        0x0 load address 0x00000c74
 .igot.plt      0x00000000        0x0 c:/freescale/kds_v3/toolchain/bin/../lib/gcc/arm-none-eabi/4.8.4/armv7e-m/fpu/crtbegin.o

.m_data_20000000
                0x20000000        0x0 load address 0x00000c74
                0x20000000                . = ALIGN (0x4)
                0x20000000                ___m_data_20000000_RAMStart = .
 *(.m_data_20000000)
                0x20000000                ___m_data_20000000_RAMEnd = .
                0x20000000                . = ALIGN (0x4)
                0x00000000                ___m_data_20000000_ROMSize = (___m_data_20000000_RAMEnd - ___m_data_20000000_RAMStart)
                0x20000000                . = ALIGN (0x4)

.bss            0x1fff8060       0x2c load address 0x00000c74
                0x1fff8060                __START_BSS = .
                0x1fff8060                PROVIDE (__bss_start__, __START_BSS)
 *(.bss)
 .bss           0x1fff8060       0x1c c:/freescale/kds_v3/toolchain/bin/../lib/gcc/arm-none-eabi/4.8.4/armv7e-m/fpu/crtbegin.o
 *(.bss*)
 .bss.DeviceDataPrv__DEFAULT_RTOS_ALLOC
                0x1fff807c        0x4 ./Generated_Code/BitIoLdd1.o
 .bss.DeviceDataPrv__DEFAULT_RTOS_ALLOC
                0x1fff8080        0x4 ./Generated_Code/BitIoLdd2.o
 .bss.PE_LDD_DeviceDataList
                0x1fff8084        0x8 ./Generated_Code/PE_LDD.o
                0x1fff8084                PE_LDD_DeviceDataList
 *(COMMON)
                0x1fff808c                . = ALIGN (0x4)
                0x1fff808c                __END_BSS = .
                0x1fff808c                PROVIDE (__bss_end__, __END_BSS)
                0x00000c74                _romp_at = ((___ROM_AT + SIZEOF (.data)) + SIZEOF (.m_data_20000000))

.romp           0x1fff808c       0x24 load address 0x00000c74
                0x00000c74                __S_romp = _romp_at
                0x1fff808c        0x4 LONG 0xc14 ___ROM_AT
                0x1fff8090        0x4 LONG 0x1fff8000 _sdata
                0x1fff8094        0x4 LONG 0x60 ___data_size
                0x1fff8098        0x4 LONG 0xc74 ___m_data_20000000_ROMStart
                0x1fff809c        0x4 LONG 0x20000000 ___m_data_20000000_RAMStart
                0x1fff80a0        0x4 LONG 0x0 ___m_data_20000000_ROMSize
                0x1fff80a4        0x4 LONG 0x0
                0x1fff80a8        0x4 LONG 0x0
                0x1fff80ac        0x4 LONG 0x0
                0x00080000                text_end = (ORIGIN (m_text) + 0x7fbf0)
                0x00000c98                data_init_end = ((___m_data_20000000_ROMStart + SIZEOF (.m_data_20000000)) + SIZEOF (.romp))
                0x00000001                ASSERT ((data_init_end <= text_end), region m_text overflowed with text and data)

._user_heap_stack
                0x1fff80b0      0x400 load address 0x00000c98
                0x1fff80b0                . = ALIGN (0x4)
                0x1fff80b0                PROVIDE (end, .)
                0x1fff80b0                PROVIDE (_end, .)
                0x1fff80b0                PROVIDE (__end__, .)
                0x1fff80b0                __heap_addr = .
                0x1fff80b0                __HeapBase = .
                0x1fff80b0                . = (. + __heap_size)
                0x1fff80b0                __HeapLimit = .
                0x1fff84b0                . = (. + __stack_size)
 *fill*         0x1fff80b0      0x400 
                0x1fff84b0                . = ALIGN (0x4)

.ARM.attributes
                0x00000000       0x30
 *(.ARM.attributes)
 .ARM.attributes
                0x00000000       0x22 c:/freescale/kds_v3/toolchain/bin/../lib/gcc/arm-none-eabi/4.8.4/armv7e-m/fpu/crti.o
 .ARM.attributes
                0x00000022       0x34 c:/freescale/kds_v3/toolchain/bin/../lib/gcc/arm-none-eabi/4.8.4/armv7e-m/fpu/crtbegin.o
 .ARM.attributes
                0x00000056       0x20 c:/freescale/kds_v3/toolchain/bin/../lib/gcc/arm-none-eabi/4.8.4/../../../../arm-none-eabi/lib/armv7e-m/fpu/crt0.o
 .ARM.attributes
                0x00000076       0x39 ./Sources/Events.o
 .ARM.attributes
                0x000000af       0x39 ./Sources/main.o
 .ARM.attributes
                0x000000e8       0x39 ./Project_Settings/Startup_Code/startup.o
 .ARM.attributes
                0x00000121       0x39 ./Generated_Code/BitIoLdd1.o
 .ARM.attributes
                0x0000015a       0x39 ./Generated_Code/BitIoLdd2.o
 .ARM.attributes
                0x00000193       0x39 ./Generated_Code/Cpu.o
 .ARM.attributes
                0x000001cc       0x39 ./Generated_Code/PE_LDD.o
 .ARM.attributes
                0x00000205       0x39 ./Generated_Code/Vectors.o
 .ARM.attributes
                0x0000023e       0x39 ./Generated_Code/WAIT1.o
 .ARM.attributes
                0x00000277       0x34 c:/freescale/kds_v3/toolchain/bin/../lib/gcc/arm-none-eabi/4.8.4/../../../../arm-none-eabi/lib/armv7e-m/fpu\libg_s.a(lib_a-exit.o)
 .ARM.attributes
                0x000002ab       0x34 c:/freescale/kds_v3/toolchain/bin/../lib/gcc/arm-none-eabi/4.8.4/../../../../arm-none-eabi/lib/armv7e-m/fpu\libg_s.a(lib_a-impure.o)
 .ARM.attributes
                0x000002df       0x34 c:/freescale/kds_v3/toolchain/bin/../lib/gcc/arm-none-eabi/4.8.4/../../../../arm-none-eabi/lib/armv7e-m/fpu\libg_s.a(lib_a-init.o)
 .ARM.attributes
                0x00000313       0x34 c:/freescale/kds_v3/toolchain/bin/../lib/gcc/arm-none-eabi/4.8.4/../../../../arm-none-eabi/lib/armv7e-m/fpu\libg_s.a(lib_a-memset.o)
 .ARM.attributes
                0x00000347       0x34 c:/freescale/kds_v3/toolchain/bin/../lib/gcc/arm-none-eabi/4.8.4/../../../../arm-none-eabi/lib/armv7e-m/fpu\libnosys.a(_exit.o)
 .ARM.attributes
                0x0000037b       0x22 c:/freescale/kds_v3/toolchain/bin/../lib/gcc/arm-none-eabi/4.8.4/armv7e-m/fpu/crtn.o
OUTPUT(TestRoboter.elf elf32-littlearm)

.debug_info     0x00000000     0x1ace
 .debug_info    0x00000000       0x96 ./Sources/Events.o
 .debug_info    0x00000096       0xbd ./Sources/main.o
 .debug_info    0x00000153      0x3b0 ./Project_Settings/Startup_Code/startup.o
 .debug_info    0x00000503      0x30d ./Generated_Code/BitIoLdd1.o
 .debug_info    0x00000810      0x30d ./Generated_Code/BitIoLdd2.o
 .debug_info    0x00000b1d      0xb06 ./Generated_Code/Cpu.o
 .debug_info    0x00001623      0x24d ./Generated_Code/PE_LDD.o
 .debug_info    0x00001870      0x10f ./Generated_Code/Vectors.o
 .debug_info    0x0000197f      0x14f ./Generated_Code/WAIT1.o

.debug_abbrev   0x00000000      0x89b
 .debug_abbrev  0x00000000       0x45 ./Sources/Events.o
 .debug_abbrev  0x00000045       0x7a ./Sources/main.o
 .debug_abbrev  0x000000bf      0x189 ./Project_Settings/Startup_Code/startup.o
 .debug_abbrev  0x00000248      0x136 ./Generated_Code/BitIoLdd1.o
 .debug_abbrev  0x0000037e      0x136 ./Generated_Code/BitIoLdd2.o
 .debug_abbrev  0x000004b4      0x185 ./Generated_Code/Cpu.o
 .debug_abbrev  0x00000639      0x10d ./Generated_Code/PE_LDD.o
 .debug_abbrev  0x00000746       0xa4 ./Generated_Code/Vectors.o
 .debug_abbrev  0x000007ea       0xb1 ./Generated_Code/WAIT1.o

.debug_aranges  0x00000000      0x1d8
 .debug_aranges
                0x00000000       0x20 ./Sources/Events.o
 .debug_aranges
                0x00000020       0x20 ./Sources/main.o
 .debug_aranges
                0x00000040       0x50 ./Project_Settings/Startup_Code/startup.o
 .debug_aranges
                0x00000090       0x40 ./Generated_Code/BitIoLdd1.o
 .debug_aranges
                0x000000d0       0x40 ./Generated_Code/BitIoLdd2.o
 .debug_aranges
                0x00000110       0x40 ./Generated_Code/Cpu.o
 .debug_aranges
                0x00000150       0x30 ./Generated_Code/PE_LDD.o
 .debug_aranges
                0x00000180       0x18 ./Generated_Code/Vectors.o
 .debug_aranges
                0x00000198       0x40 ./Generated_Code/WAIT1.o

.debug_ranges   0x00000000      0x140
 .debug_ranges  0x00000000       0x10 ./Sources/Events.o
 .debug_ranges  0x00000010       0x10 ./Sources/main.o
 .debug_ranges  0x00000020       0x40 ./Project_Settings/Startup_Code/startup.o
 .debug_ranges  0x00000060       0x30 ./Generated_Code/BitIoLdd1.o
 .debug_ranges  0x00000090       0x30 ./Generated_Code/BitIoLdd2.o
 .debug_ranges  0x000000c0       0x30 ./Generated_Code/Cpu.o
 .debug_ranges  0x000000f0       0x20 ./Generated_Code/PE_LDD.o
 .debug_ranges  0x00000110       0x30 ./Generated_Code/WAIT1.o

.debug_macro    0x00000000    0x1f7ac
 .debug_macro   0x00000000      0x11e ./Sources/Events.o
 .debug_macro   0x0000011e      0x850 ./Sources/Events.o
 .debug_macro   0x0000096e       0x16 ./Sources/Events.o
 .debug_macro   0x00000984       0x44 ./Sources/Events.o
 .debug_macro   0x000009c8      0x209 ./Sources/Events.o
 .debug_macro   0x00000bd1     0x1760 ./Sources/Events.o
 .debug_macro   0x00002331      0x14e ./Sources/Events.o
 .debug_macro   0x0000247f       0x6a ./Sources/Events.o
 .debug_macro   0x000024e9     0xde57 ./Sources/Events.o
 .debug_macro   0x00010340       0x94 ./Sources/Events.o
 .debug_macro   0x000103d4       0x94 ./Sources/Events.o
 .debug_macro   0x00010468      0x12c ./Sources/Events.o
 .debug_macro   0x00010594       0x40 ./Sources/Events.o
 .debug_macro   0x000105d4       0x1f ./Sources/Events.o
 .debug_macro   0x000105f3       0x46 ./Sources/Events.o
 .debug_macro   0x00010639       0x1f ./Sources/Events.o
 .debug_macro   0x00010658       0x22 ./Sources/Events.o
 .debug_macro   0x0001067a       0x22 ./Sources/Events.o
 .debug_macro   0x0001069c       0x37 ./Sources/Events.o
 .debug_macro   0x000106d3      0x11e ./Sources/main.o
 .debug_macro   0x000107f1      0x121 ./Project_Settings/Startup_Code/startup.o
 .debug_macro   0x00010912       0x58 ./Project_Settings/Startup_Code/startup.o
 .debug_macro   0x0001096a       0x35 ./Project_Settings/Startup_Code/startup.o
 .debug_macro   0x0001099f       0xa3 ./Project_Settings/Startup_Code/startup.o
 .debug_macro   0x00010a42      0x166 ./Project_Settings/Startup_Code/startup.o
 .debug_macro   0x00010ba8       0x4a ./Project_Settings/Startup_Code/startup.o
 .debug_macro   0x00010bf2       0x52 ./Project_Settings/Startup_Code/startup.o
 .debug_macro   0x00010c44       0x16 ./Project_Settings/Startup_Code/startup.o
 .debug_macro   0x00010c5a       0x43 ./Project_Settings/Startup_Code/startup.o
 .debug_macro   0x00010c9d      0x180 ./Project_Settings/Startup_Code/startup.o
 .debug_macro   0x00010e1d      0x2a6 ./Project_Settings/Startup_Code/startup.o
 .debug_macro   0x000110c3       0x10 ./Project_Settings/Startup_Code/startup.o
 .debug_macro   0x000110d3       0x35 ./Project_Settings/Startup_Code/startup.o
 .debug_macro   0x00011108       0x16 ./Project_Settings/Startup_Code/startup.o
 .debug_macro   0x0001111e       0x22 ./Project_Settings/Startup_Code/startup.o
 .debug_macro   0x00011140       0x10 ./Project_Settings/Startup_Code/startup.o
 .debug_macro   0x00011150      0x20f ./Project_Settings/Startup_Code/startup.o
 .debug_macro   0x0001135f     0xde4b ./Project_Settings/Startup_Code/startup.o
 .debug_macro   0x0001f1aa       0xa6 ./Generated_Code/BitIoLdd1.o
 .debug_macro   0x0001f250       0x9a ./Generated_Code/BitIoLdd1.o
 .debug_macro   0x0001f2ea       0xa6 ./Generated_Code/BitIoLdd2.o
 .debug_macro   0x0001f390       0x40 ./Generated_Code/BitIoLdd2.o
 .debug_macro   0x0001f3d0      0x124 ./Generated_Code/Cpu.o
 .debug_macro   0x0001f4f4       0xf8 ./Generated_Code/PE_LDD.o
 .debug_macro   0x0001f5ec      0x126 ./Generated_Code/Vectors.o
 .debug_macro   0x0001f712       0x9a ./Generated_Code/WAIT1.o

.debug_line     0x00000000     0x1e66
 .debug_line    0x00000000      0x330 ./Sources/Events.o
 .debug_line    0x00000330      0x351 ./Sources/main.o
 .debug_line    0x00000681      0x3f5 ./Project_Settings/Startup_Code/startup.o
 .debug_line    0x00000a76      0x2e4 ./Generated_Code/BitIoLdd1.o
 .debug_line    0x00000d5a      0x2e4 ./Generated_Code/BitIoLdd2.o
 .debug_line    0x0000103e      0x47b ./Generated_Code/Cpu.o
 .debug_line    0x000014b9      0x318 ./Generated_Code/PE_LDD.o
 .debug_line    0x000017d1      0x3f6 ./Generated_Code/Vectors.o
 .debug_line    0x00001bc7      0x29f ./Generated_Code/WAIT1.o

.debug_str      0x00000000    0x5bca0
 .debug_str     0x00000000    0x58e97 ./Sources/Events.o
                              0x58fe1 (size before relaxing)
 .debug_str     0x00058e97       0x3d ./Sources/main.o
                              0x58ffd (size before relaxing)
 .debug_str     0x00058ed4     0x269e ./Project_Settings/Startup_Code/startup.o
                              0x52a1f (size before relaxing)
 .debug_str     0x0005b572      0x15d ./Generated_Code/BitIoLdd1.o
                              0x5897e (size before relaxing)
 .debug_str     0x0005b6cf       0xa0 ./Generated_Code/BitIoLdd2.o
                              0x58980 (size before relaxing)
 .debug_str     0x0005b76f      0x313 ./Generated_Code/Cpu.o
                              0x593d1 (size before relaxing)
 .debug_str     0x0005ba82      0x17e ./Generated_Code/PE_LDD.o
                              0x59197 (size before relaxing)
 .debug_str     0x0005bc00       0x1c ./Generated_Code/Vectors.o
                              0x59029 (size before relaxing)
 .debug_str     0x0005bc1c       0x84 ./Generated_Code/WAIT1.o
                              0x57ddb (size before relaxing)

.comment        0x00000000       0x70
 .comment       0x00000000       0x70 ./Sources/Events.o
                                 0x71 (size before relaxing)
 .comment       0x00000000       0x71 ./Sources/main.o
 .comment       0x00000000       0x71 ./Project_Settings/Startup_Code/startup.o
 .comment       0x00000000       0x71 ./Generated_Code/BitIoLdd1.o
 .comment       0x00000000       0x71 ./Generated_Code/BitIoLdd2.o
 .comment       0x00000000       0x71 ./Generated_Code/Cpu.o
 .comment       0x00000000       0x71 ./Generated_Code/PE_LDD.o
 .comment       0x00000000       0x71 ./Generated_Code/Vectors.o
 .comment       0x00000000       0x71 ./Generated_Code/WAIT1.o

.debug_frame    0x00000000      0x478
 .debug_frame   0x00000000       0x28 ./Sources/Events.o
 .debug_frame   0x00000028       0x2c ./Sources/main.o
 .debug_frame   0x00000054       0xc0 ./Project_Settings/Startup_Code/startup.o
 .debug_frame   0x00000114       0x9c ./Generated_Code/BitIoLdd1.o
 .debug_frame   0x000001b0       0x9c ./Generated_Code/BitIoLdd2.o
 .debug_frame   0x0000024c       0xa4 ./Generated_Code/Cpu.o
 .debug_frame   0x000002f0       0x64 ./Generated_Code/PE_LDD.o
 .debug_frame   0x00000354       0x90 ./Generated_Code/WAIT1.o
 .debug_frame   0x000003e4       0x28 c:/freescale/kds_v3/toolchain/bin/../lib/gcc/arm-none-eabi/4.8.4/../../../../arm-none-eabi/lib/armv7e-m/fpu\libg_s.a(lib_a-exit.o)
 .debug_frame   0x0000040c       0x2c c:/freescale/kds_v3/toolchain/bin/../lib/gcc/arm-none-eabi/4.8.4/../../../../arm-none-eabi/lib/armv7e-m/fpu\libg_s.a(lib_a-init.o)
 .debug_frame   0x00000438       0x20 c:/freescale/kds_v3/toolchain/bin/../lib/gcc/arm-none-eabi/4.8.4/../../../../arm-none-eabi/lib/armv7e-m/fpu\libg_s.a(lib_a-memset.o)
 .debug_frame   0x00000458       0x20 c:/freescale/kds_v3/toolchain/bin/../lib/gcc/arm-none-eabi/4.8.4/../../../../arm-none-eabi/lib/armv7e-m/fpu\libnosys.a(_exit.o)
